// Jest Snapshot v1, https://goo.gl/fbAQLP

exports[`ArticleTextToggleButton tests renders correctly 1`] = `
<div>
  <div>
    <img
      alt=""
      class="image"
      src="https://cdn.cnn.com/cnnnext/dam/assets/181116131343-garima-arora-michelin-super-169.jpg"
    />
    <h2
      class="title"
    >
      India's first woman with a Michelin star
    </h2>
  </div>
</div>
`;
